// Jest Snapshot v1, https://goo.gl/fbAQLP

exports[`<AddComment/> tests should render and match the snapshot 1`] = `
<body>
  <div>
    <div
      class="addcomment__root"
    >
      <textarea
        aria-label="Add a comment.."
        autocomplete="off"
        name="comment"
        placeholder="Add a comment.."
        type="text"
      />
      <button
        disabled=""
        type="click"
      >
        Post
      </button>
    </div>
  </div>
</body>
`;
